张艺谋	-16.46259307861328
脱氧核糖核苷酸	-15.96030330657959
马明哲	-15.528553009033203
社交类	-12.646268844604492
土城豪	-11.227654457092285
